[2026-01-09] - 1.6.0
    - 新增 : 支持一款5.5寸1080p的mipi屏幕
    - 新增 : 支持一款mipi摄像头ov5647

[2025-11-21] - 1.5.1
    - 修复 : walnutpi.npu库 运行时报错找不到库的问题

[2025-11-19] - 1.5.0
    - 新增 : 支持gpu,可使用opengl调用gpu

[2025-9-10] - 1.4.0
    - 安装opencv-contrib-python库

[2025-9-4] - 1.3.3
    - 修复 : walnutpi.npu库 异步运行yolo11模型时的内存泄漏问题

[2025-8-27] - 1.3.2
    - 修复 : walnutpi.npu库 运行yolo11分类模型时置信度值固定在0.5-0.75之间的问题

[2025-6-11] - 1.3.1
    - 修复 : ir-keytable 的兼容性问题

[2025-5-20] - 1.3.0
    - 新增 : NPU支持
    - 新增 : 移植了运行在NPU上的YOLO11库

[2025-3-21] - 1.2.1
    - 修复 : 1024x600分辨率的hdmi屏幕兼容性问题

[2025-3-19] - 1.2.0
    - 新增 : 支持一款800x480的mipi屏
    - 新增 : 通过 config.txt 启用屏幕
    - 新增 : 对 CH341 CP210X 的驱动支持
    - 新增 : tun 支持

[2025-3-3] - 1.1.0
    - 修复 : 网口灯在不插网线时常亮的问题
    - 修复 : 无法连接百兆网络的问题
    - 修复 : desktop版系统,不能调分辨率问题
    - 新增 : 增加对usb麦克风的支持

[2025-2-11] - 1.0.0
    - 初版
